
============================================================
  HONEYPOT API ΓÇö SCORING RUBRIC VALIDATOR (100 pts)
============================================================

------------------------------------------------------------
  1. SCAM DETECTION ΓÇö 20 pts
------------------------------------------------------------
  [PASS] scamDetected == true
  [PASS] status == 200

------------------------------------------------------------
  2. INTELLIGENCE EXTRACTION ΓÇö 40 pts
------------------------------------------------------------
  [PASS] phoneNumbers extracted (6 found)
  [PASS] bankAccounts extracted (1 found): ['123456789012345']
  [PASS] upiIds extracted (2 found): ['fraud@paytm', 'scammer@ybl']
  [PASS] phishingLinks extracted (2 found)
  [PASS] emailAddresses extracted (1 found): ['thief@gmail.com']
  [PASS] upiIds do not contain email addresses

------------------------------------------------------------
  3. ENGAGEMENT QUALITY ΓÇö 20 pts
------------------------------------------------------------
  [PASS] engagementMetrics present
  [PASS] totalMessagesExchanged >= 5 (got 6)
  [PASS] engagementDurationSeconds > 0 (got 75)
  [PASS] engagementDurationSeconds >= 75 when msgs>=5 (got 75)
  [PASS] top-level totalMessagesExchanged present (got 6)

------------------------------------------------------------
  4. RESPONSE STRUCTURE ΓÇö 20 pts
------------------------------------------------------------
  [PASS] Field 'sessionId' present
  [PASS] Field 'status' present
  [PASS] Field 'scamDetected' present
  [PASS] Field 'totalMessagesExchanged' present
  [PASS] Field 'extractedIntelligence' present
  [PASS] Field 'engagementMetrics' present
  [PASS] Field 'agentNotes' present
  [PASS] Intelligence field 'phoneNumbers' present
  [PASS] Intelligence field 'bankAccounts' present
  [PASS] Intelligence field 'upiIds' present
  [PASS] Intelligence field 'phishingLinks' present
  [PASS] Intelligence field 'emailAddresses' present
  [PASS] engagementDurationSeconds in metrics
  [PASS] totalMessagesExchanged in metrics
  [PASS] status is string
  [PASS] scamDetected is bool
  [PASS] agentNotes is string

------------------------------------------------------------
  5. RESPONSE TIME ΓÇö must be < 30s, target < 2s
------------------------------------------------------------
  [PASS] Response time: 2.020s (< 30s)
  [FAIL] Response time: 2.020s (< 2s target)

============================================================
  RESULTS: 31 passed, 1 failed out of 32
  ESTIMATED SCORE: 96/100
============================================================

